com\faithfunds\ui\admin\AdminDashboardJFrame.class
com\faithfunds\ui\WelcomeJFrame.class
com\faithfunds\ui\admin\AdminDashboardJFrame$1.class
com\faithfunds\ui\user\UserProfileJFrame$2.class
com\faithfunds\ui\admin\AddUserJFrame$2.class
com\faithfunds\ui\admin\ZakatViewJFrame$3.class
com\faithfunds\ui\admin\UpdateUserJFrame$3.class
com\faithfunds\ui\admin\DonationViewJFrame$2.class
com\faithfunds\ui\admin\AddAdminJFrame$3.class
com\faithfunds\FaithFunds$1.class
com\faithfunds\ui\admin\UpdateAdminJFrame$4.class
com\faithfunds\ui\admin\AdminListJFrame$2.class
com\faithfunds\ui\admin\AdminDashboardJFrame$4.class
com\faithfunds\ui\admin\UserListJFrame$5.class
com\faithfunds\ui\admin\DonationViewJFrame$5.class
com\faithfunds\ui\admin\AdminListJFrame.class
com\faithfunds\ui\user\ZakatJFrame$1.class
com\faithfunds\ui\admin\DonationDistributeJFrame$3.class
com\faithfunds\ui\admin\ZakatDistributeJFrame$1.class
com\faithfunds\ui\user\UserDashboardJFrame$3.class
com\faithfunds\ui\admin\UserListJFrame$2.class
com\faithfunds\ui\user\ZakatJFrame.class
com\faithfunds\ui\admin\UserListJFrame$4.class
com\faithfunds\ui\admin\AddAdminJFrame$1.class
com\faithfunds\ui\admin\ZakatDistributeJFrame$4.class
com\faithfunds\ui\RegisterJFrame.class
com\faithfunds\ui\user\UserDashboardJFrame$2.class
com\faithfunds\ui\admin\UpdateAdminJFrame$2.class
com\faithfunds\ui\RegisterJFrame$5.class
com\faithfunds\ui\admin\DonationViewJFrame.class
com\faithfunds\ui\user\DonationJFrame$1.class
com\faithfunds\ui\admin\UpdateUserJFrame$2.class
com\faithfunds\ui\admin\DonationDistributeJFrame$2.class
com\faithfunds\ui\admin\AdminListJFrame$5.class
com\faithfunds\ui\user\UserProfileJFrame.class
com\faithfunds\ui\admin\AdminDashboardJFrame$7.class
com\faithfunds\ui\LoginJFrame$5.class
com\faithfunds\DatabaseConnection.class
com\faithfunds\ui\user\UserProfileJFrame$3.class
com\faithfunds\ui\user\UserDashboardJFrame$1.class
com\faithfunds\ui\admin\UserListJFrame$3.class
com\faithfunds\ui\admin\ZakatViewJFrame$4.class
com\faithfunds\ui\user\ZakatJFrame$3.class
com\faithfunds\ui\admin\AdminListJFrame$4.class
com\faithfunds\ui\admin\UpdateAdminJFrame$1.class
com\faithfunds\ui\admin\ZakatDistributeJFrame.class
com\faithfunds\ui\admin\AdminDashboardJFrame$6.class
com\faithfunds\ui\admin\AddAdminJFrame$2.class
com\faithfunds\ui\admin\ZakatDistributeJFrame$3.class
com\faithfunds\ui\admin\DonationDistributeJFrame$1.class
com\faithfunds\ui\admin\AdminDashboardJFrame$8.class
com\faithfunds\ui\LoginJFrame.class
com\faithfunds\ui\admin\UserListJFrame.class
com\faithfunds\ui\admin\AddAdminJFrame.class
com\faithfunds\ui\RegisterJFrame$4.class
com\faithfunds\ui\WelcomeJFrame$2.class
com\faithfunds\ui\admin\AdminListJFrame$3.class
com\faithfunds\ui\admin\AdminDashboardJFrame$5.class
com\faithfunds\ui\user\UserDashboardJFrame$4.class
com\faithfunds\ui\admin\ZakatDistributeJFrame$2.class
com\faithfunds\ui\admin\UserListJFrame$6.class
com\faithfunds\ui\user\ZakatJFrame$2.class
com\faithfunds\ui\admin\AddUserJFrame.class
com\faithfunds\ui\admin\AdminDashboardJFrame$2.class
com\faithfunds\ui\admin\AddUserJFrame$1.class
com\faithfunds\ui\LoginJFrame$1.class
com\faithfunds\ui\admin\ZakatDistributeJFrame$5.class
com\faithfunds\ui\user\UserProfileJFrame$1.class
com\faithfunds\ui\admin\DonationViewJFrame$1.class
com\faithfunds\ui\LoginJFrame$4.class
com\faithfunds\ui\user\DonationJFrame$2.class
com\faithfunds\ui\user\UserProfileJFrame$4.class
com\faithfunds\ui\admin\AdminListJFrame$6.class
com\faithfunds\ui\admin\UpdateAdminJFrame$3.class
com\faithfunds\ui\admin\AddAdminJFrame$4.class
com\faithfunds\ui\admin\UpdateUserJFrame$4.class
com\faithfunds\ui\admin\ZakatViewJFrame$2.class
com\faithfunds\ui\admin\UpdateUserJFrame$1.class
com\faithfunds\ui\RegisterJFrame$1.class
com\faithfunds\ui\admin\DonationViewJFrame$4.class
com\faithfunds\ui\RegisterJFrame$2.class
com\faithfunds\ui\admin\AdminDashboardJFrame$3.class
com\faithfunds\ui\admin\UpdateUserJFrame.class
com\faithfunds\ui\LoginJFrame$2.class
com\faithfunds\FaithFunds.class
com\faithfunds\ui\user\UserDashboardJFrame$5.class
com\faithfunds\ui\user\UserDashboardJFrame.class
com\faithfunds\ui\admin\ZakatViewJFrame.class
com\faithfunds\ui\admin\AddUserJFrame$4.class
com\faithfunds\ui\admin\UserListJFrame$1.class
com\faithfunds\ui\admin\UpdateAdminJFrame.class
com\faithfunds\ui\admin\DonationDistributeJFrame$5.class
com\faithfunds\ui\admin\DonationDistributeJFrame.class
com\faithfunds\ui\admin\ZakatViewJFrame$1.class
com\faithfunds\ui\user\DonationJFrame$3.class
com\faithfunds\ui\WelcomeJFrame$1.class
com\faithfunds\ui\RegisterJFrame$3.class
com\faithfunds\ui\LoginJFrame$3.class
com\faithfunds\ui\admin\DonationDistributeJFrame$4.class
com\faithfunds\ui\admin\AddUserJFrame$3.class
com\faithfunds\ui\user\DonationJFrame.class
com\faithfunds\ui\admin\AdminListJFrame$1.class
com\faithfunds\ui\admin\DonationViewJFrame$3.class
