C:\Users\Dell\formation emsi\FaithFunds-master\FaithFunds-master\src\main\java\com\faithfunds\DatabaseConnection.java
C:\Users\Dell\formation emsi\FaithFunds-master\FaithFunds-master\src\main\java\com\faithfunds\FaithFunds.java
C:\Users\Dell\formation emsi\FaithFunds-master\FaithFunds-master\src\main\java\com\faithfunds\ui\admin\AddAdminJFrame.java
C:\Users\Dell\formation emsi\FaithFunds-master\FaithFunds-master\src\main\java\com\faithfunds\ui\admin\AddUserJFrame.java
C:\Users\Dell\formation emsi\FaithFunds-master\FaithFunds-master\src\main\java\com\faithfunds\ui\admin\AdminDashboardJFrame.java
C:\Users\Dell\formation emsi\FaithFunds-master\FaithFunds-master\src\main\java\com\faithfunds\ui\admin\AdminListJFrame.java
C:\Users\Dell\formation emsi\FaithFunds-master\FaithFunds-master\src\main\java\com\faithfunds\ui\admin\DonationDistributeJFrame.java
C:\Users\Dell\formation emsi\FaithFunds-master\FaithFunds-master\src\main\java\com\faithfunds\ui\admin\DonationViewJFrame.java
C:\Users\Dell\formation emsi\FaithFunds-master\FaithFunds-master\src\main\java\com\faithfunds\ui\admin\UpdateAdminJFrame.java
C:\Users\Dell\formation emsi\FaithFunds-master\FaithFunds-master\src\main\java\com\faithfunds\ui\admin\UpdateUserJFrame.java
C:\Users\Dell\formation emsi\FaithFunds-master\FaithFunds-master\src\main\java\com\faithfunds\ui\admin\UserListJFrame.java
C:\Users\Dell\formation emsi\FaithFunds-master\FaithFunds-master\src\main\java\com\faithfunds\ui\admin\ZakatDistributeJFrame.java
C:\Users\Dell\formation emsi\FaithFunds-master\FaithFunds-master\src\main\java\com\faithfunds\ui\admin\ZakatViewJFrame.java
C:\Users\Dell\formation emsi\FaithFunds-master\FaithFunds-master\src\main\java\com\faithfunds\ui\LoginJFrame.java
C:\Users\Dell\formation emsi\FaithFunds-master\FaithFunds-master\src\main\java\com\faithfunds\ui\RegisterJFrame.java
C:\Users\Dell\formation emsi\FaithFunds-master\FaithFunds-master\src\main\java\com\faithfunds\ui\user\DonationJFrame.java
C:\Users\Dell\formation emsi\FaithFunds-master\FaithFunds-master\src\main\java\com\faithfunds\ui\user\UserDashboardJFrame.java
C:\Users\Dell\formation emsi\FaithFunds-master\FaithFunds-master\src\main\java\com\faithfunds\ui\user\UserProfileJFrame.java
C:\Users\Dell\formation emsi\FaithFunds-master\FaithFunds-master\src\main\java\com\faithfunds\ui\user\ZakatJFrame.java
C:\Users\Dell\formation emsi\FaithFunds-master\FaithFunds-master\src\main\java\com\faithfunds\ui\WelcomeJFrame.java
